\BOOKMARK [1][-]{section.1}{\376\377\000I\000n\000t\000r\000o\000d\000u\000c\000t\000i\000o\000n}{}% 1
\BOOKMARK [1][-]{section.2}{\376\377\000R\000e\000s\000e\000a\000r\000c\000h\000\040\000Q\000u\000e\000s\000t\000i\000o\000n}{}% 2
\BOOKMARK [1][-]{section.3}{\376\377\000C\000o\000n\000c\000e\000p\000t\000u\000a\000l\000\040\000F\000r\000a\000m\000e\000w\000o\000r\000k}{}% 3
\BOOKMARK [2][-]{subsection.3.1}{\376\377\000S\000e\000l\000f\000\040\000a\000n\000d\000\040\000O\000t\000h\000e\000r}{section.3}% 4
\BOOKMARK [2][-]{subsection.3.2}{\376\377\000L\000i\000n\000g\000u\000i\000s\000t\000i\000c\000\040\000L\000a\000n\000d\000s\000c\000a\000p\000e}{section.3}% 5
\BOOKMARK [2][-]{subsection.3.3}{\376\377\000N\000o\000n\000-\000v\000e\000r\000b\000a\000l\000\040\000C\000o\000m\000m\000u\000n\000i\000c\000a\000t\000i\000o\000n\000\040\000a\000n\000d\000\040\000S\000e\000n\000s\000o\000r\000y\000\040\000O\000b\000s\000e\000r\000v\000a\000t\000i\000o\000n}{section.3}% 6
\BOOKMARK [2][-]{subsection.3.4}{\376\377\000S\000p\000a\000c\000e\000\040\000a\000s\000\040\000S\000t\000o\000r\000y\000t\000e\000l\000l\000i\000n\000g}{section.3}% 7
\BOOKMARK [1][-]{section.4}{\376\377\000M\000e\000t\000h\000o\000d\000o\000l\000o\000g\000y}{}% 8
\BOOKMARK [2][-]{subsection.4.1}{\376\377\000F\000i\000e\000l\000d\000\040\000S\000i\000t\000e\000\040\000a\000n\000d\000\040\000R\000o\000u\000t\000e}{section.4}% 9
\BOOKMARK [2][-]{subsection.4.2}{\376\377\000D\000a\000t\000a\000\040\000C\000o\000l\000l\000e\000c\000t\000i\000o\000n}{section.4}% 10
\BOOKMARK [2][-]{subsection.4.3}{\376\377\000F\000i\000e\000l\000d\000w\000o\000r\000k\000\040\000E\000t\000h\000i\000c\000s}{section.4}% 11
\BOOKMARK [2][-]{subsection.4.4}{\376\377\000A\000I\000\040\000U\000s\000e}{section.4}% 12
\BOOKMARK [1][-]{section.5}{\376\377\000F\000i\000n\000d\000i\000n\000g\000s}{}% 13
\BOOKMARK [2][-]{subsection.5.1}{\376\377\000M\000a\000c\000a\000u\000\040\000a\000s\000\040\000B\000o\000r\000d\000e\000r\000:\000\040\000E\000n\000t\000e\000r\000i\000n\000g\000\040\000a\000\040\000C\000u\000l\000t\000u\000r\000a\000l\000\040\000O\000r\000d\000e\000r}{section.5}% 14
\BOOKMARK [2][-]{subsection.5.2}{\376\377\000M\000a\000c\000a\000u\000\040\000a\000s\000\040\000H\000e\000r\000i\000t\000a\000g\000e\000:\000\040\000R\000e\000l\000i\000g\000i\000o\000n\000,\000\040\000C\000o\000l\000o\000n\000i\000a\000l\000\040\000M\000e\000m\000o\000r\000y\000,\000\040\000a\000n\000d\000\040\000T\000o\000u\000r\000i\000s\000m}{section.5}% 15
\BOOKMARK [2][-]{subsection.5.3}{\376\377\000M\000a\000c\000a\000u\000\040\000a\000s\000\040\000E\000v\000e\000r\000y\000d\000a\000y\000\040\000S\000t\000r\000e\000e\000t\000:\000\040\000L\000a\000n\000g\000u\000a\000g\000e\000,\000\040\000S\000i\000g\000n\000s\000,\000\040\000a\000n\000d\000\040\000C\000o\000m\000m\000e\000r\000c\000i\000a\000l\000\040\000L\000i\000f\000e}{section.5}% 16
\BOOKMARK [2][-]{subsection.5.4}{\376\377\000M\000a\000c\000a\000u\000\040\000a\000s\000\040\000G\000l\000o\000b\000a\000l\000\040\000S\000p\000e\000c\000t\000a\000c\000l\000e\000:\000\040\000V\000e\000n\000e\000t\000i\000a\000n\000,\000\040\000G\000a\000m\000i\000n\000g\000,\000\040\000a\000n\000d\000\040\000N\000B\000A}{section.5}% 17
\BOOKMARK [1][-]{section.6}{\376\377\000D\000i\000s\000c\000u\000s\000s\000i\000o\000n}{}% 18
\BOOKMARK [2][-]{subsection.6.1}{\376\377\000F\000r\000o\000m\000\040\000C\000u\000l\000t\000u\000r\000a\000l\000\040\000F\000u\000s\000i\000o\000n\000\040\000t\000o\000\040\000S\000p\000a\000t\000i\000a\000l\000\040\000S\000w\000i\000t\000c\000h\000i\000n\000g}{section.6}% 19
\BOOKMARK [2][-]{subsection.6.2}{\376\377\000T\000r\000a\000n\000s\000l\000a\000t\000i\000o\000n\000\040\000B\000e\000y\000o\000n\000d\000\040\000L\000a\000n\000g\000u\000a\000g\000e}{section.6}% 20
\BOOKMARK [2][-]{subsection.6.3}{\376\377\000W\000h\000a\000t\000\040\000F\000i\000e\000l\000d\000w\000o\000r\000k\000\040\000C\000h\000a\000n\000g\000e\000d}{section.6}% 21
\BOOKMARK [1][-]{section.7}{\376\377\000L\000i\000m\000i\000t\000a\000t\000i\000o\000n\000s}{}% 22
\BOOKMARK [1][-]{section.8}{\376\377\000C\000o\000n\000c\000l\000u\000s\000i\000o\000n}{}% 23
\BOOKMARK [1][-]{section.A}{\376\377\000S\000e\000l\000e\000c\000t\000e\000d\000\040\000M\000e\000d\000i\000a\000\040\000I\000n\000v\000e\000n\000t\000o\000r\000y}{}% 24
\BOOKMARK [1][-]{section.B}{\376\377\000R\000e\000f\000e\000r\000e\000n\000c\000e\000s}{}% 25
